
> @ellipsa/action@0.1.0 typecheck
> tsc --noEmit

src/config/safety.config.ts(1,30): error TS2835: Relative import paths need explicit file extensions in ECMAScript imports when '--moduleResolution' is 'node16' or 'nodenext'. Did you mean '../core/SafetyValidator.js'?
src/core/ActionHistoryService.ts(96,56): error TS2339: Property 'provider' does not exist on type '{ op: "open_url"; args: { url: string; }; } | { op: "click"; args: { selector: string; }; } | { op: "type_text"; args: { selector: string; text: string; }; } | { op: "wait"; args: { ms: number; }; } | { op: "wait_for_selector"; args: { ...; }; } | ... 24 more ... | { ...; }'.
  Property 'provider' does not exist on type '{ op: "open_url"; args: { url: string; }; }'.
src/core/ActionHistoryService.ts(127,13): error TS2353: Object literal may only specify known properties, and 'title' does not exist in type 'MemoryEvent'.
src/core/ActionRegistry.ts(1,24): error TS2307: Cannot find module '../schemas/action.schema' or its corresponding type declarations.
src/core/ActionRegistry.ts(2,51): error TS2307: Cannot find module './ActionProvider.interface' or its corresponding type declarations.
src/core/index.ts(2,32): error TS2835: Relative import paths need explicit file extensions in ECMAScript imports when '--moduleResolution' is 'node16' or 'nodenext'. Did you mean './ActionExecutor.js'?
src/core/index.ts(3,32): error TS2835: Relative import paths need explicit file extensions in ECMAScript imports when '--moduleResolution' is 'node16' or 'nodenext'. Did you mean './ActionRegistry.js'?
src/core/index.ts(4,33): error TS2835: Relative import paths need explicit file extensions in ECMAScript imports when '--moduleResolution' is 'node16' or 'nodenext'. Did you mean './SafetyValidator.js'?
src/core/index.ts(5,35): error TS2835: Relative import paths need explicit file extensions in ECMAScript imports when '--moduleResolution' is 'node16' or 'nodenext'. Did you mean './SafetyValidator.js'?
src/core/index.ts(15,8): error TS2307: Cannot find module './ActionProvider.interface' or its corresponding type declarations.
src/core/SafetyValidator.ts(1,36): error TS2307: Cannot find module '../schemas/action.schema' or its corresponding type declarations.
src/core/SafetyValidator.ts(2,34): error TS2307: Cannot find module './ActionProvider.interface' or its corresponding type declarations.
src/email/controllers/EmailController.new.ts(2,35): error TS2307: Cannot find module '../services/GmailEmailService.new' or its corresponding type declarations.
src/email/controllers/EmailController.new.ts(3,40): error TS2835: Relative import paths need explicit file extensions in ECMAScript imports when '--moduleResolution' is 'node16' or 'nodenext'. Did you mean '../services/EmailProcessingService.js'?
src/email/controllers/EmailController.new.ts(4,36): error TS2835: Relative import paths need explicit file extensions in ECMAScript imports when '--moduleResolution' is 'node16' or 'nodenext'. Did you mean '../services/EmailMemoryService.js'?
src/email/controllers/EmailController.new.ts(5,35): error TS2835: Relative import paths need explicit file extensions in ECMAScript imports when '--moduleResolution' is 'node16' or 'nodenext'. Did you mean '../types.js'?
src/email/controllers/EmailController.ts(2,31): error TS2307: Cannot find module '../services/EmailService.interface' or its corresponding type declarations.
src/email/controllers/EmailController.ts(3,49): error TS2835: Relative import paths need explicit file extensions in ECMAScript imports when '--moduleResolution' is 'node16' or 'nodenext'. Did you mean '../types.js'?
src/email/controllers/EmailDigestController.ts(2,36): error TS2835: Relative import paths need explicit file extensions in ECMAScript imports when '--moduleResolution' is 'node16' or 'nodenext'. Did you mean '../services/EmailDigestService.js'?
src/email/EmailAutomationService.ts(1,31): error TS2307: Cannot find module './services/EmailService.interface' or its corresponding type declarations.
src/email/EmailAutomationService.ts(2,40): error TS2835: Relative import paths need explicit file extensions in ECMAScript imports when '--moduleResolution' is 'node16' or 'nodenext'. Did you mean './services/EmailProcessingService.js'?
src/email/EmailAutomationService.ts(4,36): error TS2835: Relative import paths need explicit file extensions in ECMAScript imports when '--moduleResolution' is 'node16' or 'nodenext'. Did you mean './services/EmailMemoryService.js'?
src/email/EmailAutomationService.ts(5,30): error TS2835: Relative import paths need explicit file extensions in ECMAScript imports when '--moduleResolution' is 'node16' or 'nodenext'. Did you mean './monitoring/EmailMetrics.js'?
src/email/routes/digest.routes.ts(2,39): error TS2835: Relative import paths need explicit file extensions in ECMAScript imports when '--moduleResolution' is 'node16' or 'nodenext'. Did you mean '../controllers/EmailDigestController.js'?
src/email/routes/digest.routes.ts(3,36): error TS2835: Relative import paths need explicit file extensions in ECMAScript imports when '--moduleResolution' is 'node16' or 'nodenext'. Did you mean '../services/EmailDigestService.js'?
src/email/routes/digest.routes.ts(4,31): error TS2307: Cannot find module '../services/EmailService.interface' or its corresponding type declarations.
src/email/routes/digest.routes.ts(5,40): error TS2835: Relative import paths need explicit file extensions in ECMAScript imports when '--moduleResolution' is 'node16' or 'nodenext'. Did you mean '../services/EmailProcessingService.js'?
src/email/services/EmailDigestService.ts(1,31): error TS2307: Cannot find module './EmailService.interface' or its corresponding type declarations.
src/email/services/EmailDigestService.ts(2,40): error TS2835: Relative import paths need explicit file extensions in ECMAScript imports when '--moduleResolution' is 'node16' or 'nodenext'. Did you mean './EmailProcessingService.js'?
src/email/services/EmailDigestService.ts(3,64): error TS2835: Relative import paths need explicit file extensions in ECMAScript imports when '--moduleResolution' is 'node16' or 'nodenext'. Did you mean '../types.js'?
src/email/services/EmailLLMService.ts(66,9): error TS2322: Type 'string | undefined' is not assignable to type 'string'.
  Type 'undefined' is not assignable to type 'string'.
src/email/services/EmailProcessingService.ts(20,15): error TS2724: '"@ellipsa/prompt"' has no exported member named 'IPromptService'. Did you mean 'PromptService'?
src/email/services/EmailProcessingService.ts(20,31): error TS2305: Module '"@ellipsa/prompt"' has no exported member 'StructuredData'.
src/email/services/EmailProcessingService.ts(94,28): error TS2339: Property 'extractStructuredData' does not exist on type 'PromptService'.
src/email/services/EmailProcessingService.ts(95,28): error TS2339: Property 'summarizeContent' does not exist on type 'PromptService'.
src/email/services/EmailProcessingService.ts(189,49): error TS2339: Property 'generateText' does not exist on type 'PromptService'.
src/email/services/EmailServiceFactory.ts(1,31): error TS2307: Cannot find module './EmailService.interface' or its corresponding type declarations.
src/email/services/EmailServiceFactory.ts(2,40): error TS2835: Relative import paths need explicit file extensions in ECMAScript imports when '--moduleResolution' is 'node16' or 'nodenext'. Did you mean './EmailProcessingService.js'?
src/email/services/EmailServiceFactory.ts(3,36): error TS2835: Relative import paths need explicit file extensions in ECMAScript imports when '--moduleResolution' is 'node16' or 'nodenext'. Did you mean './EmailDigestService.js'?
src/email/services/EmailServiceFactory.ts(4,33): error TS2835: Relative import paths need explicit file extensions in ECMAScript imports when '--moduleResolution' is 'node16' or 'nodenext'. Did you mean './EmailLLMService.js'?
src/email/services/EmailServiceFactory.ts(5,33): error TS2835: Relative import paths need explicit file extensions in ECMAScript imports when '--moduleResolution' is 'node16' or 'nodenext'. Did you mean '../../services/InMemoryService.js'?
src/email/services/EmailServiceFactory.ts(35,30): error TS2552: Cannot find name 'GmailEmailService'. Did you mean 'emailService'?
src/email/services/EmailServiceInitializer.ts(1,35): error TS2835: Relative import paths need explicit file extensions in ECMAScript imports when '--moduleResolution' is 'node16' or 'nodenext'. Did you mean './GmailEmailService.js'?
src/email/services/EmailServiceInitializer.ts(2,33): error TS2835: Relative import paths need explicit file extensions in ECMAScript imports when '--moduleResolution' is 'node16' or 'nodenext'. Did you mean './EmailLLMService.js'?
src/email/services/EmailServiceInitializer.ts(3,33): error TS2835: Relative import paths need explicit file extensions in ECMAScript imports when '--moduleResolution' is 'node16' or 'nodenext'. Did you mean '../../services/InMemoryService.js'?
src/email/services/EmailServiceInitializer.ts(4,40): error TS2835: Relative import paths need explicit file extensions in ECMAScript imports when '--moduleResolution' is 'node16' or 'nodenext'. Did you mean './EmailProcessingService.js'?
src/email/services/EmailServiceInitializer.ts(5,36): error TS2835: Relative import paths need explicit file extensions in ECMAScript imports when '--moduleResolution' is 'node16' or 'nodenext'. Did you mean './EmailDigestService.js'?
src/email/services/EmailServiceInitializer.ts(6,31): error TS2307: Cannot find module './EmailService.interface' or its corresponding type declarations.
src/email/services/EmailServiceInitializer.ts(7,30): error TS2835: Relative import paths need explicit file extensions in ECMAScript imports when '--moduleResolution' is 'node16' or 'nodenext'. Did you mean './OAuthService.js'?
src/providers/BrowserProvider.ts(2,36): error TS2307: Cannot find module '../schemas/action.schema' or its corresponding type declarations.
src/providers/BrowserProvider.ts(9,8): error TS2307: Cannot find module '../core/ActionProvider.interface' or its corresponding type declarations.
src/providers/WindowsProvider.ts(3,36): error TS2307: Cannot find module '../schemas/action.schema' or its corresponding type declarations.
src/providers/WindowsProvider.ts(10,8): error TS2307: Cannot find module '../core/ActionProvider.interface' or its corresponding type declarations.
src/scripts/clear-tokens.ts(1,30): error TS2835: Relative import paths need explicit file extensions in ECMAScript imports when '--moduleResolution' is 'node16' or 'nodenext'. Did you mean '../email/services/OAuthService.js'?
src/scripts/migrate-to-new-services.ts(2,35): error TS2835: Relative import paths need explicit file extensions in ECMAScript imports when '--moduleResolution' is 'node16' or 'nodenext'. Did you mean '../email/services/GmailEmailService.js'?
src/scripts/migrate-to-new-services.ts(3,33): error TS2835: Relative import paths need explicit file extensions in ECMAScript imports when '--moduleResolution' is 'node16' or 'nodenext'. Did you mean '../email/services/EmailLLMService.js'?
src/scripts/migrate-to-new-services.ts(4,33): error TS2835: Relative import paths need explicit file extensions in ECMAScript imports when '--moduleResolution' is 'node16' or 'nodenext'. Did you mean '../services/InMemoryService.js'?
src/scripts/migrate-to-new-services.ts(5,36): error TS2835: Relative import paths need explicit file extensions in ECMAScript imports when '--moduleResolution' is 'node16' or 'nodenext'. Did you mean '../email/services/EmailMemoryService.js'?
src/scripts/migrate-to-new-services.ts(7,69): error TS2307: Cannot find module '@ellipsis/memory' or its corresponding type declarations.
src/scripts/migrate-to-new-services.ts(53,33): error TS2552: Cannot find name 'EmailProcessingService'. Did you mean 'processingService'?
src/scripts/verify_integrations.ts(80,22): error TS2345: Argument of type '"✅ All required variables present"' is not assignable to parameter of type 'never'.
src/scripts/verify_integrations.ts(82,22): error TS2345: Argument of type 'string' is not assignable to parameter of type 'never'.
src/scripts/verify_integrations.ts(86,22): error TS2345: Argument of type 'string' is not assignable to parameter of type 'never'.
src/scripts/verify_integrations.ts(92,26): error TS2345: Argument of type '"⚠️  SLACK_BOT_TOKEN should start with \"xoxb-\""' is not assignable to parameter of type 'never'.
src/server.new.ts(81,7): error TS2420: Class 'MemoryServiceClient' incorrectly implements interface 'IEmailMemoryService'.
  Property 'deleteDraft' is missing in type 'MemoryServiceClient' but required in type 'IEmailMemoryService'.
src/server.new.ts(312,11): error TS2741: Property 'deleteDraft' is missing in type 'MemoryServiceClient' but required in type 'IEmailMemoryService'.
src/server.new.ts(315,49): error TS2345: Argument of type 'string' is not assignable to parameter of type 'PromptClient'.
src/server.old.ts(5,35): error TS2835: Relative import paths need explicit file extensions in ECMAScript imports when '--moduleResolution' is 'node16' or 'nodenext'. Did you mean './email/services/GmailEmailService.js'?
src/server.old.ts(6,33): error TS2835: Relative import paths need explicit file extensions in ECMAScript imports when '--moduleResolution' is 'node16' or 'nodenext'. Did you mean './email/services/EmailLLMService.js'?
src/server.old.ts(7,33): error TS2835: Relative import paths need explicit file extensions in ECMAScript imports when '--moduleResolution' is 'node16' or 'nodenext'. Did you mean './services/InMemoryService.js'?
src/server.old.ts(8,35): error TS2835: Relative import paths need explicit file extensions in ECMAScript imports when '--moduleResolution' is 'node16' or 'nodenext'. Did you mean './email/routes.js'?
src/server.ts(63,7): error TS2420: Class 'MemoryServiceClient' incorrectly implements interface 'IEmailMemoryService'.
  Property 'deleteDraft' is missing in type 'MemoryServiceClient' but required in type 'IEmailMemoryService'.
src/server.ts(182,9): error TS2741: Property 'deleteDraft' is missing in type 'MemoryServiceClient' but required in type 'IEmailMemoryService'.
src/services/MemoryService.interface.ts(1,59): error TS2835: Relative import paths need explicit file extensions in ECMAScript imports when '--moduleResolution' is 'node16' or 'nodenext'. Did you mean '../email/types.js'?
src/test-actions.ts(49,13): error TS2322: Type '{ op: "screenshot"; args: {}; }' is not assignable to type '{ op: "open_url"; args: { url: string; }; } | { op: "click"; args: { selector: string; }; } | { op: "type_text"; args: { selector: string; text: string; }; } | { op: "wait"; args: { ms: number; }; } | { op: "wait_for_selector"; args: { ...; }; } | ... 24 more ... | { ...; }'.
  Types of property 'args' are incompatible.
    Property 'fullPage' is missing in type '{}' but required in type '{ fullPage: boolean; path?: string | undefined; }'.
src/test-windows.ts(192,67): error TS18046: 'content' is of type 'unknown'.
src/verify_email_ai.ts(15,41): error TS2345: Argument of type 'string' is not assignable to parameter of type 'PromptClient'.
npm error Lifecycle script `typecheck` failed with error:
npm error code 1
npm error path C:\Users\Hp\ellipsa\services\action
npm error workspace @ellipsa/action@0.1.0
npm error location C:\Users\Hp\ellipsa\services\action
npm error command failed
npm error command C:\WINDOWS\system32\cmd.exe /d /s /c tsc --noEmit
