2025-12-03 13:48:56 [[32minfo[39m]: 	[32m[MemoryService] Request: POST /events[39m
2025-12-03 13:48:57 [[33mwarn[39m]: 	[33m[MemoryService] Retry 1/3 for /events[39m
2025-12-03 13:48:59 [[32minfo[39m]: 	[32m[MemoryService] Request: POST /events[39m
2025-12-03 13:48:59 [[33mwarn[39m]: 	[33m[MemoryService] Retry 2/3 for /events[39m
2025-12-03 13:49:03 [[32minfo[39m]: 	[32m[MemoryService] Request: POST /events[39m
2025-12-03 13:49:03 [[33mwarn[39m]: 	[33m[MemoryService] Retry 3/3 for /events[39m
2025-12-03 13:49:11 [[32minfo[39m]: 	[32m[MemoryService] Request: POST /events[39m
2025-12-03 13:49:11 [[31merror[39m]: 	[31m[MemoryService] Request failed:[39m
{
  "url": "/events",
  "method": "POST"
}
2025-12-03 14:13:05 [[32minfo[39m]: 	[32m[MemoryService] Request: POST /events[39m
2025-12-03 14:13:05 [[33mwarn[39m]: 	[33m[MemoryService] Retry 1/3 for /events[39m
2025-12-03 14:13:07 [[32minfo[39m]: 	[32m[MemoryService] Request: POST /events[39m
2025-12-03 14:13:07 [[33mwarn[39m]: 	[33m[MemoryService] Retry 2/3 for /events[39m
2025-12-03 14:13:11 [[32minfo[39m]: 	[32m[MemoryService] Request: POST /events[39m
2025-12-03 14:13:11 [[33mwarn[39m]: 	[33m[MemoryService] Retry 3/3 for /events[39m
2025-12-03 14:13:19 [[32minfo[39m]: 	[32m[MemoryService] Request: POST /events[39m
2025-12-03 14:13:19 [[31merror[39m]: 	[31m[MemoryService] Request failed:[39m
{
  "url": "/events",
  "method": "POST"
}
2025-12-03 14:15:58 [[32minfo[39m]: 	[32m[MemoryService] Request: POST /events[39m
2025-12-03 14:15:58 [[31merror[39m]: 	[31m[MemoryService] Circuit breaker opened[39m
2025-12-03 14:15:58 [[31merror[39m]: 	[31m[MemoryService] Request failed:[39m
{
  "url": "/events",
  "method": "POST"
}
2025-12-03 14:16:59 [[32minfo[39m]: 	[32m[MemoryService] Circuit breaker reset[39m
2025-12-04 14:12:08 [[32minfo[39m]: 	[32m[MemoryService] Request: POST /events[39m
2025-12-04 14:12:08 [[31merror[39m]: 	[31m[MemoryService] Request failed:[39m
{
  "url": "/events",
  "method": "POST",
  "status": 404,
  "statusText": "Not Found",
  "data": "<!DOCTYPE html>\n<html lang=\"en\">\n<head>\n<meta charset=\"utf-8\">\n<title>Error</title>\n</head>\n<body>\n<pre>Cannot POST /events</pre>\n</body>\n</html>\n"
}
2025-12-04 14:16:49 [[32minfo[39m]: 	[32m[MemoryService] Request: POST /events[39m
2025-12-04 14:16:51 [[33mwarn[39m]: 	[33m[MemoryService] Retry 1/3 for /events[39m
2025-12-04 14:16:53 [[32minfo[39m]: 	[32m[MemoryService] Request: POST /events[39m
2025-12-04 14:16:53 [[33mwarn[39m]: 	[33m[MemoryService] Retry 2/3 for /events[39m
2025-12-04 14:16:57 [[32minfo[39m]: 	[32m[MemoryService] Request: POST /events[39m
2025-12-04 14:16:58 [[33mwarn[39m]: 	[33m[MemoryService] Retry 3/3 for /events[39m
2025-12-04 14:17:06 [[32minfo[39m]: 	[32m[MemoryService] Request: POST /events[39m
2025-12-04 14:17:08 [[31merror[39m]: 	[31m[MemoryService] Request failed:[39m
{
  "url": "/events",
  "method": "POST",
  "status": 500,
  "statusText": "Internal Server Error",
  "data": {
    "success": false,
    "error": {
      "code": "EVENT_CREATION_FAILED",
      "message": "Failed to create event",
      "details": "insert into \"events\" (\"content\", \"embedding\", \"end_time\", \"metadata\", \"participants\", \"start_time\", \"type\") values ($1, $2, $3, $4, $5, $6, $7) returning * - column \"content\" of relation \"events\" does not exist"
    },
    "meta": {
      "version": "1.0.0",
      "timestamp": "2025-12-04T13:17:08.831Z"
    }
  }
}
2025-12-04 14:26:57 [[32minfo[39m]: 	[32m[MemoryService] Request: POST /events[39m
2025-12-04 14:26:59 [[33mwarn[39m]: 	[33m[MemoryService] Retry 1/3 for /events[39m
2025-12-04 14:27:01 [[32minfo[39m]: 	[32m[MemoryService] Request: POST /events[39m
2025-12-04 14:27:02 [[33mwarn[39m]: 	[33m[MemoryService] Retry 2/3 for /events[39m
2025-12-04 14:27:06 [[32minfo[39m]: 	[32m[MemoryService] Request: POST /events[39m
2025-12-04 14:27:06 [[33mwarn[39m]: 	[33m[MemoryService] Retry 3/3 for /events[39m
2025-12-04 14:27:14 [[32minfo[39m]: 	[32m[MemoryService] Request: POST /events[39m
2025-12-04 14:27:15 [[31merror[39m]: 	[31m[MemoryService] Request failed:[39m
{
  "url": "/events",
  "method": "POST",
  "status": 500,
  "statusText": "Internal Server Error",
  "data": {
    "success": false,
    "error": {
      "code": "EVENT_CREATION_FAILED",
      "message": "Failed to create event",
      "details": "insert into \"events\" (\"content\", \"embedding\", \"end_time\", \"metadata\", \"participants\", \"start_time\", \"type\") values ($1, $2, $3, $4, $5, $6, $7) returning * - column \"content\" of relation \"events\" does not exist"
    },
    "meta": {
      "version": "1.0.0",
      "timestamp": "2025-12-04T13:27:15.803Z"
    }
  }
}
2025-12-04 15:45:13 [[32minfo[39m]: 	[32m[MemoryService] Request: POST /events[39m
2025-12-04 15:45:14 [[33mwarn[39m]: 	[33m[MemoryService] Retry 1/3 for /events[39m
2025-12-04 15:45:16 [[32minfo[39m]: 	[32m[MemoryService] Request: POST /events[39m
2025-12-04 15:45:16 [[33mwarn[39m]: 	[33m[MemoryService] Retry 2/3 for /events[39m
2025-12-04 15:45:20 [[32minfo[39m]: 	[32m[MemoryService] Request: POST /events[39m
2025-12-04 15:45:21 [[33mwarn[39m]: 	[33m[MemoryService] Retry 3/3 for /events[39m
2025-12-04 15:45:29 [[32minfo[39m]: 	[32m[MemoryService] Request: POST /events[39m
2025-12-04 15:45:30 [[31merror[39m]: 	[31m[MemoryService] Request failed:[39m
{
  "url": "/events",
  "method": "POST",
  "status": 500,
  "statusText": "Internal Server Error",
  "data": {
    "success": false,
    "error": {
      "code": "EVENT_CREATION_FAILED",
      "message": "Failed to create event",
      "details": "insert into \"events\" (\"content\", \"embedding\", \"end_time\", \"metadata\", \"participants\", \"start_time\", \"type\") values ($1, $2, $3, $4, $5, $6, $7) returning * - invalid input syntax for type json"
    },
    "meta": {
      "version": "1.0.0",
      "timestamp": "2025-12-04T14:45:30.608Z"
    }
  }
}
2025-12-04 15:57:08 [[32minfo[39m]: 	[32m[MemoryService] Request: POST /events[39m
2025-12-04 15:57:09 [[33mwarn[39m]: 	[33m[MemoryService] Retry 1/3 for /events[39m
2025-12-04 15:57:11 [[32minfo[39m]: 	[32m[MemoryService] Request: POST /events[39m
2025-12-04 15:57:11 [[33mwarn[39m]: 	[33m[MemoryService] Retry 2/3 for /events[39m
2025-12-04 15:57:15 [[32minfo[39m]: 	[32m[MemoryService] Request: POST /events[39m
2025-12-04 15:57:16 [[33mwarn[39m]: 	[33m[MemoryService] Retry 3/3 for /events[39m
2025-12-04 15:57:24 [[32minfo[39m]: 	[32m[MemoryService] Request: POST /events[39m
2025-12-04 15:57:25 [[31merror[39m]: 	[31m[MemoryService] Request failed:[39m
{
  "url": "/events",
  "method": "POST",
  "status": 500,
  "statusText": "Internal Server Error",
  "data": {
    "success": false,
    "error": {
      "code": "EVENT_CREATION_FAILED",
      "message": "Failed to create event",
      "details": "insert into \"events\" (\"content\", \"embedding\", \"end_time\", \"metadata\", \"participants\", \"start_time\", \"type\") values ($1, $2, $3, $4, $5, $6, $7) returning * - null value in column \"title\" of relation \"events\" violates not-null constraint"
    },
    "meta": {
      "version": "1.0.0",
      "timestamp": "2025-12-04T14:57:25.312Z"
    }
  }
}
2025-12-04 16:06:27 [[32minfo[39m]: 	[32m[MemoryService] Request: POST /events[39m
2025-12-04 16:06:28 [[33mwarn[39m]: 	[33m[MemoryService] Retry 1/3 for /events[39m
2025-12-04 16:06:30 [[32minfo[39m]: 	[32m[MemoryService] Request: POST /events[39m
2025-12-04 16:06:30 [[33mwarn[39m]: 	[33m[MemoryService] Retry 2/3 for /events[39m
2025-12-04 16:06:34 [[32minfo[39m]: 	[32m[MemoryService] Request: POST /events[39m
2025-12-04 16:06:35 [[33mwarn[39m]: 	[33m[MemoryService] Retry 3/3 for /events[39m
2025-12-04 16:06:43 [[32minfo[39m]: 	[32m[MemoryService] Request: POST /events[39m
2025-12-04 16:06:44 [[31merror[39m]: 	[31m[MemoryService] Request failed:[39m
{
  "url": "/events",
  "method": "POST",
  "status": 500,
  "statusText": "Internal Server Error",
  "data": {
    "success": false,
    "error": {
      "code": "EVENT_CREATION_FAILED",
      "message": "Failed to create event",
      "details": "Failed to find entities with id unknown_user"
    },
    "meta": {
      "version": "1.0.0",
      "timestamp": "2025-12-04T15:06:44.871Z"
    }
  }
}
2025-12-04 16:08:10 [[32minfo[39m]: 	[32m[MemoryService] Request: POST /events[39m
2025-12-04 16:08:10 [[31merror[39m]: 	[31m[MemoryService] Circuit breaker opened[39m
2025-12-04 16:08:10 [[31merror[39m]: 	[31m[MemoryService] Request failed:[39m
{
  "url": "/events",
  "method": "POST"
}
2025-12-04 16:09:10 [[32minfo[39m]: 	[32m[MemoryService] Circuit breaker reset[39m
2025-12-04 16:58:20 [[32minfo[39m]: 	[32m[MemoryService] Request: POST /events[39m
2025-12-04 16:58:21 [[33mwarn[39m]: 	[33m[MemoryService] Retry 1/3 for /events[39m
2025-12-04 16:58:23 [[32minfo[39m]: 	[32m[MemoryService] Request: POST /events[39m
2025-12-04 16:58:23 [[33mwarn[39m]: 	[33m[MemoryService] Retry 2/3 for /events[39m
2025-12-04 16:58:27 [[32minfo[39m]: 	[32m[MemoryService] Request: POST /events[39m
2025-12-04 16:58:28 [[33mwarn[39m]: 	[33m[MemoryService] Retry 3/3 for /events[39m
2025-12-04 16:58:36 [[32minfo[39m]: 	[32m[MemoryService] Request: POST /events[39m
2025-12-04 16:58:41 [[31merror[39m]: 	[31m[MemoryService] Request failed:[39m
{
  "url": "/events",
  "method": "POST",
  "status": 500,
  "statusText": "Internal Server Error",
  "data": {
    "success": false,
    "error": {
      "code": "EVENT_CREATION_FAILED",
      "message": "Failed to create event",
      "details": "Cannot read properties of undefined (reading 'emit')"
    },
    "meta": {
      "version": "1.0.0",
      "timestamp": "2025-12-04T15:58:39.498Z"
    }
  }
}
2025-12-04 17:00:29 [[32minfo[39m]: 	[32m[MemoryService] Request: POST /events[39m
2025-12-04 17:00:31 [[31merror[39m]: 	[31m[MemoryService] Circuit breaker opened[39m
2025-12-04 17:00:31 [[31merror[39m]: 	[31m[MemoryService] Request failed:[39m
{
  "url": "/events",
  "method": "POST"
}
2025-12-04 17:01:31 [[32minfo[39m]: 	[32m[MemoryService] Circuit breaker reset[39m
2025-12-04 17:02:11 [[32minfo[39m]: 	[32m[MemoryService] Request: POST /events[39m
2025-12-04 17:02:16 [[33mwarn[39m]: 	[33m[MemoryService] Retry 1/3 for /events[39m
2025-12-04 17:02:18 [[32minfo[39m]: 	[32m[MemoryService] Request: POST /events[39m
2025-12-04 17:02:19 [[33mwarn[39m]: 	[33m[MemoryService] Retry 2/3 for /events[39m
2025-12-04 17:02:23 [[32minfo[39m]: 	[32m[MemoryService] Request: POST /events[39m
2025-12-04 17:02:25 [[33mwarn[39m]: 	[33m[MemoryService] Retry 3/3 for /events[39m
2025-12-04 17:02:33 [[32minfo[39m]: 	[32m[MemoryService] Request: POST /events[39m
2025-12-04 17:02:34 [[31merror[39m]: 	[31m[MemoryService] Request failed:[39m
{
  "url": "/events",
  "method": "POST",
  "status": 500,
  "statusText": "Internal Server Error",
  "data": {
    "success": false,
    "error": {
      "code": "EVENT_CREATION_FAILED",
      "message": "Failed to create event",
      "details": "Cannot read properties of undefined (reading 'emit')"
    },
    "meta": {
      "version": "1.0.0",
      "timestamp": "2025-12-04T16:02:34.284Z"
    }
  }
}
2025-12-05 16:10:20 [[32minfo[39m]: 	[32m[MemoryService] Request: POST /events[39m
2025-12-05 16:23:05 [[32minfo[39m]: 	[32m[MemoryService] Request: POST /events[39m
2025-12-05 18:58:33 [[32minfo[39m]: 	[32m[MemoryService] Request: POST /events[39m
2025-12-05 18:58:38 [[33mwarn[39m]: 	[33m[MemoryService] Retry 1/3 for /events[39m
2025-12-05 18:58:40 [[32minfo[39m]: 	[32m[MemoryService] Request: POST /events[39m
2025-12-05 19:02:43 [[32minfo[39m]: 	[32m[MemoryService] Request: POST /events[39m
2025-12-05 19:38:11 [[32minfo[39m]: 	[32m[MemoryService] Request: POST /events[39m
2025-12-08 13:04:39 [[32minfo[39m]: 	[32m[MemoryService] Request: POST /events[39m
2025-12-08 13:08:16 [[32minfo[39m]: 	[32m[MemoryService] Request: POST /events[39m
2025-12-09 12:40:12 [[32minfo[39m]: 	[32m[MemoryService] Request: POST /events[39m
2025-12-09 12:41:54 [[32minfo[39m]: 	[32m[MemoryService] Request: POST /events[39m
2025-12-09 12:49:49 [[32minfo[39m]: 	[32m[MemoryService] Request: POST /events[39m
2025-12-09 12:51:01 [[32minfo[39m]: 	[32m[MemoryService] Request: POST /events[39m
2025-12-09 12:53:43 [[32minfo[39m]: 	[32m[MemoryService] Request: POST /events[39m
2025-12-09 13:49:13 [[32minfo[39m]: 	[32m[MemoryService] Request: POST /events[39m
2025-12-09 13:54:09 [[32minfo[39m]: 	[32m[MemoryService] Request: POST /events[39m
2025-12-09 14:00:48 [[32minfo[39m]: 	[32m[MemoryService] Request: POST /events[39m
2025-12-09 14:00:49 [[33mwarn[39m]: 	[33m[MemoryService] Retry 1/3 for /events[39m
2025-12-09 14:00:51 [[32minfo[39m]: 	[32m[MemoryService] Request: POST /events[39m
2025-12-09 14:00:52 [[33mwarn[39m]: 	[33m[MemoryService] Retry 2/3 for /events[39m
2025-12-09 14:00:56 [[32minfo[39m]: 	[32m[MemoryService] Request: POST /events[39m
2025-12-09 14:00:56 [[33mwarn[39m]: 	[33m[MemoryService] Retry 3/3 for /events[39m
2025-12-09 14:01:04 [[32minfo[39m]: 	[32m[MemoryService] Request: POST /events[39m
2025-12-09 14:01:05 [[31merror[39m]: 	[31m[MemoryService] Request failed:[39m
{
  "url": "/events",
  "method": "POST",
  "status": 500,
  "statusText": "Internal Server Error",
  "data": {
    "success": false,
    "error": {
      "code": "EVENT_CREATION_FAILED",
      "message": "Failed to create event",
      "details": "insert into \"events\" (\"embedding\", \"end_time\", \"metadata\", \"participants\", \"source\", \"start_time\", \"summary\", \"title\", \"type\") values ($1, $2, $3, $4, $5, $6, $7, $8, $9) returning * - column \"summary\" of relation \"events\" does not exist"
    },
    "meta": {
      "version": "1.0.0",
      "timestamp": "2025-12-09T13:01:05.596Z"
    }
  }
}
2025-12-09 14:01:05 [[32minfo[39m]: 	[32m[MemoryService] Request: POST /events[39m
2025-12-09 16:25:12 [[32minfo[39m]: 	[32m[MemoryService] Request: POST /events[39m
2025-12-09 16:41:55 [[32minfo[39m]: 	[32m[MemoryService] Request: POST /events[39m
2025-12-09 16:42:00 [[33mwarn[39m]: 	[33m[MemoryService] Retry 1/3 for /events[39m
2025-12-09 16:42:02 [[32minfo[39m]: 	[32m[MemoryService] Request: POST /events[39m
2025-12-09 16:44:08 [[32minfo[39m]: 	[32m[MemoryService] Request: POST /events[39m
2025-12-10 13:09:32 [[32minfo[39m]: 	[32m[MemoryService] Request: POST /events[39m
2025-12-10 13:11:34 [[32minfo[39m]: 	[32m[MemoryService] Request: POST /events[39m
2025-12-10 13:11:35 [[33mwarn[39m]: 	[33m[MemoryService] Retry 1/3 for /events[39m
2025-12-10 13:11:37 [[32minfo[39m]: 	[32m[MemoryService] Request: POST /events[39m
2025-12-10 13:11:38 [[33mwarn[39m]: 	[33m[MemoryService] Retry 2/3 for /events[39m
2025-12-10 13:11:42 [[32minfo[39m]: 	[32m[MemoryService] Request: POST /events[39m
2025-12-10 13:11:44 [[33mwarn[39m]: 	[33m[MemoryService] Retry 3/3 for /events[39m
2025-12-10 13:11:52 [[32minfo[39m]: 	[32m[MemoryService] Request: POST /events[39m
2025-12-10 13:11:53 [[31merror[39m]: 	[31m[MemoryService] Request failed:[39m
{
  "url": "/events",
  "method": "POST",
  "status": 500,
  "statusText": "Internal Server Error",
  "data": {
    "success": false,
    "error": {
      "code": "EVENT_CREATION_FAILED",
      "message": "Failed to create event",
      "details": "insert into \"events\" (\"content\", \"embedding\", \"end_time\", \"metadata\", \"participants\", \"start_time\", \"type\") values ($1, $2, $3, $4, $5, $6, $7) returning * - null value in column \"title\" of relation \"events\" violates not-null constraint"
    },
    "meta": {
      "version": "1.0.0",
      "timestamp": "2025-12-10T12:11:53.959Z"
    }
  }
}
2025-12-10 13:11:53 [[32minfo[39m]: 	[32m[MemoryService] Request: POST /events[39m
2025-12-10 13:13:11 [[32minfo[39m]: 	[32m[MemoryService] Request: POST /events[39m
2025-12-10 13:13:13 [[31merror[39m]: 	[31m[MemoryService] Circuit breaker opened[39m
2025-12-10 13:13:13 [[31merror[39m]: 	[31m[MemoryService] Request failed:[39m
{
  "url": "/events",
  "method": "POST"
}
2025-12-10 13:13:13 [[32minfo[39m]: 	[32m[MemoryService] Request: POST /events[39m
2025-12-10 13:14:13 [[32minfo[39m]: 	[32m[MemoryService] Circuit breaker reset[39m
2025-12-10 13:23:09 [[31merror[39m]: 	[31mUnhandled Rejection at:[39m
2025-12-10 13:26:46 [[31merror[39m]: 	[31mUnhandled Rejection at:[39m
2025-12-10 13:31:41 [[31merror[39m]: 	[31mUnhandled Rejection at:[39m
2025-12-10 13:40:30 [[31merror[39m]: 	[31mUnhandled Rejection at:[39m
2025-12-10 13:44:45 [[31merror[39m]: 	[31mUnhandled Rejection at:[39m
2025-12-10 13:47:02 [[31merror[39m]: 	[31mUnhandled Rejection at:[39m
2025-12-10 15:27:55 [[32minfo[39m]: 	[32m[MemoryService] Request: POST /events[39m
2025-12-10 15:27:56 [[32minfo[39m]: 	[32m[MemoryService] Request: POST /events[39m
2025-12-10 20:33:38 [[31merror[39m]: 	[31mUnhandled Rejection at:[39m
2025-12-10 20:38:35 [[31merror[39m]: 	[31mUnhandled Rejection at:[39m
2025-12-10 22:56:54 [[31merror[39m]: 	[31mUnhandled Rejection at:[39m
2025-12-10 22:58:35 [[31merror[39m]: 	[31mUnhandled Rejection at:[39m
2025-12-10 23:03:35 [[31merror[39m]: 	[31mUnhandled Rejection at:[39m
2025-12-10 23:25:53 [[31merror[39m]: 	[31mUnhandled Rejection at:[39m
2025-12-11 07:39:00 [[31merror[39m]: 	[31mUnhandled Rejection at:[39m
2025-12-11 11:53:44 [[31merror[39m]: 	[31mUnhandled Rejection at:[39m
2025-12-11 11:58:43 [[31merror[39m]: 	[31mUnhandled Rejection at:[39m
2025-12-11 15:54:49 [[31merror[39m]: 	[31mUnhandled Rejection at:[39m
2025-12-11 15:58:43 [[31merror[39m]: 	[31mUnhandled Rejection at:[39m
2025-12-11 16:03:43 [[31merror[39m]: 	[31mUnhandled Rejection at:[39m
2025-12-12 11:21:30 [[31merror[39m]: 	[31mUnhandled Rejection at:[39m
2025-12-12 11:22:02 [[31merror[39m]: 	[31mUnhandled Rejection at:[39m
2025-12-12 11:26:20 [[31merror[39m]: 	[31mUnhandled Rejection at:[39m
2025-12-12 11:31:30 [[31merror[39m]: 	[31mUnhandled Rejection at:[39m
2025-12-12 11:36:22 [[31merror[39m]: 	[31mUnhandled Rejection at:[39m
2025-12-12 11:41:21 [[31merror[39m]: 	[31mUnhandled Rejection at:[39m
2025-12-12 11:46:28 [[31merror[39m]: 	[31mUnhandled Rejection at:[39m
2025-12-12 11:51:19 [[31merror[39m]: 	[31mUnhandled Rejection at:[39m
2025-12-12 11:56:19 [[31merror[39m]: 	[31mUnhandled Rejection at:[39m
2025-12-12 17:04:33 [[32minfo[39m]: 	[32m[MemoryService] Request: POST /events[39m
2025-12-13 12:42:28 [[32minfo[39m]: 	[32m[MemoryService] Request: POST /events[39m
2025-12-13 14:25:01 [[32minfo[39m]: 	[32m[MemoryService] Request: POST /events[39m
2025-12-13 14:47:50 [[32minfo[39m]: 	[32m[MemoryService] Request: POST /events[39m
2025-12-13 14:49:19 [[32minfo[39m]: 	[32m[MemoryService] Request: POST /events[39m
2025-12-13 15:23:29 [[32minfo[39m]: 	[32m[MemoryService] Request: POST /events[39m
2025-12-13 15:23:35 [[33mwarn[39m]: 	[33m[MemoryService] Retry 1/3 for /events[39m
2025-12-13 15:23:37 [[32minfo[39m]: 	[32m[MemoryService] Request: POST /events[39m
2025-12-14 17:13:36 [[32minfo[39m]: 	[32m[MemoryService] Request: POST /events[39m
2025-12-14 17:17:18 [[32minfo[39m]: 	[32m[MemoryService] Request: POST /events[39m
2025-12-15 20:07:52 [[32minfo[39m]: 	[32m[MemoryService] Request: POST /events[39m
2025-12-15 20:07:57 [[33mwarn[39m]: 	[33m[MemoryService] Retry 1/3 for /events[39m
2025-12-15 20:07:59 [[32minfo[39m]: 	[32m[MemoryService] Request: POST /events[39m
2025-12-16 00:02:31 [[32minfo[39m]: 	[32m[MemoryService] Request: POST /events[39m
2025-12-16 00:14:01 [[32minfo[39m]: 	[32m[MemoryService] Request: POST /events[39m
2025-12-16 00:14:08 [[33mwarn[39m]: 	[33m[MemoryService] Retry 1/3 for /events[39m
2025-12-16 00:14:10 [[32minfo[39m]: 	[32m[MemoryService] Request: POST /events[39m
2025-12-16 00:19:24 [[32minfo[39m]: 	[32m[MemoryService] Request: POST /events[39m
2025-12-16 00:45:07 [[32minfo[39m]: 	[32m[MemoryService] Request: POST /events[39m
2025-12-16 00:51:49 [[32minfo[39m]: 	[32m[MemoryService] Request: POST /events[39m
2025-12-16 00:58:25 [[32minfo[39m]: 	[32m[MemoryService] Request: POST /events[39m
2025-12-16 01:12:43 [[32minfo[39m]: 	[32m[MemoryService] Request: POST /events[39m
2025-12-16 01:46:07 [[32minfo[39m]: 	[32m[MemoryService] Request: POST /events[39m
2025-12-16 01:51:04 [[32minfo[39m]: 	[32m[MemoryService] Request: POST /events[39m
2025-12-16 01:56:08 [[32minfo[39m]: 	[32m[MemoryService] Request: POST /events[39m
2025-12-16 01:59:12 [[32minfo[39m]: 	[32m[MemoryService] Request: POST /events[39m
2025-12-16 02:33:24 [[32minfo[39m]: 	[32m[MemoryService] Request: POST /events[39m
2025-12-16 02:34:08 [[32minfo[39m]: 	[32m[MemoryService] Request: POST /events[39m
2025-12-16 02:44:18 [[32minfo[39m]: 	[32m[MemoryService] Request: POST /events[39m
2025-12-16 02:45:16 [[32minfo[39m]: 	[32m[MemoryService] Request: POST /events[39m
2025-12-16 02:45:51 [[32minfo[39m]: 	[32m[MemoryService] Request: POST /events[39m
2025-12-16 02:46:44 [[32minfo[39m]: 	[32m[MemoryService] Request: POST /events[39m
2025-12-16 02:57:42 [[32minfo[39m]: 	[32m[MemoryService] Request: POST /events[39m
2025-12-16 03:07:09 [[32minfo[39m]: 	[32m[MemoryService] Request: POST /events[39m
2025-12-16 03:22:34 [[32minfo[39m]: 	[32m[MemoryService] Request: POST /events[39m
2025-12-16 03:28:47 [[32minfo[39m]: 	[32m[MemoryService] Request: POST /events[39m
2025-12-18 01:43:21 [[31merror[39m]: 	[31mUnhandled Rejection at:[39m
2025-12-18 10:05:59 [[32minfo[39m]: 	[32m[MemoryService] Request: POST /tasks[39m
2025-12-18 10:06:00 [[31merror[39m]: 	[31m[MemoryService] Request failed:[39m
{
  "url": "/tasks",
  "method": "POST",
  "status": 404,
  "statusText": "Not Found",
  "data": "<!DOCTYPE html>\n<html lang=\"en\">\n<head>\n<meta charset=\"utf-8\">\n<title>Error</title>\n</head>\n<body>\n<pre>Cannot POST /tasks</pre>\n</body>\n</html>\n"
}
2025-12-18 12:05:04 [[31merror[39m]: 	[31mUnhandled Rejection at:[39m
2025-12-19 06:28:35 [[32minfo[39m]: 	[32m[MemoryService] Request: GET /user/preferences[39m
2025-12-19 06:28:46 [[31merror[39m]: 	[31m[MemoryService] Request failed:[39m
{
  "url": "/user/preferences",
  "method": "GET",
  "status": 404,
  "statusText": "Not Found",
  "data": "<!DOCTYPE html>\n<html lang=\"en\">\n<head>\n<meta charset=\"utf-8\">\n<title>Error</title>\n</head>\n<body>\n<pre>Cannot GET /user/preferences</pre>\n</body>\n</html>\n"
}
2025-12-19 06:28:47 [[32minfo[39m]: 	[32m[MemoryService] Request: GET /tasks?limit=50[39m
2025-12-19 06:28:47 [[31merror[39m]: 	[31m[MemoryService] Request failed:[39m
{
  "url": "/tasks?limit=50",
  "method": "GET",
  "status": 404,
  "statusText": "Not Found",
  "data": "<!DOCTYPE html>\n<html lang=\"en\">\n<head>\n<meta charset=\"utf-8\">\n<title>Error</title>\n</head>\n<body>\n<pre>Cannot GET /tasks</pre>\n</body>\n</html>\n"
}
2025-12-19 06:28:52 [[32minfo[39m]: 	[32m[PromptService] Request: POST /prompt/v1/briefing[39m
2025-12-19 06:28:58 [[33mwarn[39m]: 	[33m[PromptService] Retry 1/3 for /prompt/v1/briefing[39m
2025-12-19 06:29:00 [[32minfo[39m]: 	[32m[PromptService] Request: POST /prompt/v1/briefing[39m
2025-12-19 06:29:05 [[33mwarn[39m]: 	[33m[PromptService] Retry 2/3 for /prompt/v1/briefing[39m
2025-12-19 06:29:09 [[32minfo[39m]: 	[32m[PromptService] Request: POST /prompt/v1/briefing[39m
2025-12-19 06:29:13 [[33mwarn[39m]: 	[33m[PromptService] Retry 3/3 for /prompt/v1/briefing[39m
2025-12-19 06:29:21 [[32minfo[39m]: 	[32m[PromptService] Request: POST /prompt/v1/briefing[39m
2025-12-19 06:29:22 [[31merror[39m]: 	[31m[PromptService] Request failed:[39m
{
  "url": "/prompt/v1/briefing",
  "method": "POST",
  "status": 500,
  "statusText": "Internal Server Error",
  "data": {
    "error": "400 Invalid parameter: 'response_format' of type 'json_object' is not supported with this model."
  }
}
2025-12-19 06:29:22 [[32minfo[39m]: 	[32m[MemoryService] Request: POST /tasks[39m
2025-12-19 06:29:23 [[31merror[39m]: 	[31m[MemoryService] Request failed:[39m
{
  "url": "/tasks",
  "method": "POST",
  "status": 404,
  "statusText": "Not Found",
  "data": "<!DOCTYPE html>\n<html lang=\"en\">\n<head>\n<meta charset=\"utf-8\">\n<title>Error</title>\n</head>\n<body>\n<pre>Cannot POST /tasks</pre>\n</body>\n</html>\n"
}
2025-12-19 08:58:18 [[32minfo[39m]: 	[32m[MemoryService] Request: GET /events?type=action_execution&limit=50&metadata%5Bstatus%5D=pending_approval[39m
2025-12-19 08:58:21 [[32minfo[39m]: 	[32m[MemoryService] Request: GET /events?type=action_execution&limit=50&metadata%5Bstatus%5D=pending_approval[39m
2025-12-19 09:08:43 [[32minfo[39m]: 	[32m[MemoryService] Request: GET /events?type=action_execution&limit=50&metadata%5Bstatus%5D=pending_approval[39m
2025-12-19 09:08:45 [[32minfo[39m]: 	[32m[MemoryService] Request: GET /events?type=action_execution&limit=50&metadata%5Bstatus%5D=pending_approval[39m
2025-12-19 09:09:36 [[32minfo[39m]: 	[32m[MemoryService] Request: GET /events?type=action_execution&limit=50&metadata%5Bstatus%5D=pending_approval[39m
2025-12-19 09:09:38 [[32minfo[39m]: 	[32m[MemoryService] Request: GET /events?type=action_execution&limit=50&metadata%5Bstatus%5D=pending_approval[39m
2025-12-19 09:10:22 [[32minfo[39m]: 	[32m[MemoryService] Request: GET /events?type=action_execution&limit=50&metadata%5Bstatus%5D=pending_approval[39m
2025-12-19 09:10:25 [[32minfo[39m]: 	[32m[MemoryService] Request: GET /events?type=action_execution&limit=50&metadata%5Bstatus%5D=pending_approval[39m
2025-12-19 09:11:12 [[32minfo[39m]: 	[32m[MemoryService] Request: GET /events?type=action_execution&limit=50&metadata%5Bstatus%5D=pending_approval[39m
2025-12-19 09:11:16 [[32minfo[39m]: 	[32m[MemoryService] Request: GET /events?type=action_execution&limit=50&metadata%5Bstatus%5D=pending_approval[39m
2025-12-19 09:31:21 [[32minfo[39m]: 	[32m[MemoryService] Request: GET /events?type=action_execution&limit=50&metadata%5Bstatus%5D=pending_approval[39m
2025-12-19 09:31:24 [[32minfo[39m]: 	[32m[MemoryService] Request: GET /events?type=action_execution&limit=50&metadata%5Bstatus%5D=pending_approval[39m
2025-12-19 09:31:30 [[32minfo[39m]: 	[32m[MemoryService] Request: GET /events?type=action_execution&limit=50&metadata%5Bstatus%5D=pending_approval[39m
2025-12-19 09:31:33 [[32minfo[39m]: 	[32m[MemoryService] Request: GET /events?type=action_execution&limit=50&metadata%5Bstatus%5D=pending_approval[39m
2025-12-19 09:32:04 [[32minfo[39m]: 	[32m[MemoryService] Request: GET /events?type=action_execution&limit=50&metadata%5Bstatus%5D=pending_approval[39m
2025-12-19 09:32:06 [[32minfo[39m]: 	[32m[MemoryService] Request: GET /events?type=action_execution&limit=50&metadata%5Bstatus%5D=pending_approval[39m
2025-12-19 09:32:25 [[32minfo[39m]: 	[32m[MemoryService] Request: GET /events?type=action_execution&limit=50&metadata%5Bstatus%5D=pending_approval[39m
2025-12-19 09:32:27 [[32minfo[39m]: 	[32m[MemoryService] Request: GET /events?type=action_execution&limit=50&metadata%5Bstatus%5D=pending_approval[39m
2025-12-19 09:43:44 [[32minfo[39m]: 	[32m[MemoryService] Request: GET /events?type=action_execution&limit=50&metadata%5Bstatus%5D=pending_approval[39m
2025-12-19 09:43:46 [[32minfo[39m]: 	[32m[MemoryService] Request: GET /events?type=action_execution&limit=50&metadata%5Bstatus%5D=pending_approval[39m
2025-12-19 09:43:53 [[32minfo[39m]: 	[32m[MemoryService] Request: GET /events?type=action_execution&limit=50&metadata%5Bstatus%5D=pending_approval[39m
2025-12-19 09:43:56 [[32minfo[39m]: 	[32m[MemoryService] Request: GET /events?type=action_execution&limit=50&metadata%5Bstatus%5D=pending_approval[39m
2025-12-19 09:46:59 [[32minfo[39m]: 	[32m[MemoryService] Request: GET /events?type=action_execution&limit=50&metadata%5Bstatus%5D=pending_approval[39m
2025-12-19 09:47:04 [[32minfo[39m]: 	[32m[MemoryService] Request: GET /events?type=action_execution&limit=50&metadata%5Bstatus%5D=pending_approval[39m
2025-12-19 09:50:31 [[32minfo[39m]: 	[32m[MemoryService] Request: GET /events?type=action_execution&limit=50&metadata%5Bstatus%5D=pending_approval[39m
2025-12-19 09:50:34 [[32minfo[39m]: 	[32m[MemoryService] Request: GET /events?type=action_execution&limit=50&metadata%5Bstatus%5D=pending_approval[39m
2025-12-19 09:50:45 [[32minfo[39m]: 	[32m[MemoryService] Request: GET /events?type=action_execution&limit=50&metadata%5Bstatus%5D=pending_approval[39m
2025-12-19 09:50:48 [[32minfo[39m]: 	[32m[MemoryService] Request: GET /events?type=action_execution&limit=50&metadata%5Bstatus%5D=pending_approval[39m
2025-12-19 09:54:09 [[32minfo[39m]: 	[32m[MemoryService] Request: GET /events?type=action_execution&limit=50&metadata%5Bstatus%5D=pending_approval[39m
2025-12-19 09:54:12 [[32minfo[39m]: 	[32m[MemoryService] Request: GET /events?type=action_execution&limit=50&metadata%5Bstatus%5D=pending_approval[39m
2025-12-19 10:23:28 [[31merror[39m]: 	[31mUnhandled Rejection at:[39m
2025-12-19 10:33:34 [[31merror[39m]: 	[31mUnhandled Rejection at:[39m
2025-12-19 10:43:32 [[31merror[39m]: 	[31mUnhandled Rejection at:[39m
2025-12-19 10:53:31 [[31merror[39m]: 	[31mUnhandled Rejection at:[39m
2025-12-19 11:03:32 [[31merror[39m]: 	[31mUnhandled Rejection at:[39m
2025-12-19 11:13:31 [[31merror[39m]: 	[31mUnhandled Rejection at:[39m
2025-12-19 11:23:32 [[31merror[39m]: 	[31mUnhandled Rejection at:[39m
2025-12-19 11:33:32 [[31merror[39m]: 	[31mUnhandled Rejection at:[39m
2025-12-19 11:43:31 [[31merror[39m]: 	[31mUnhandled Rejection at:[39m
2025-12-19 11:59:05 [[32minfo[39m]: 	[32m[MemoryService] Request: GET /events?type=action_execution&limit=50&metadata%5Bstatus%5D=pending_approval[39m
2025-12-19 11:59:07 [[32minfo[39m]: 	[32m[MemoryService] Request: GET /events?type=action_execution&limit=50&metadata%5Bstatus%5D=pending_approval[39m
2025-12-19 12:25:27 [[32minfo[39m]: 	[32m[PromptService] Request: POST /prompt/v1/email/evaluate[39m
2025-12-19 12:25:34 [[33mwarn[39m]: 	[33m[PromptService] Retry 1/3 for /prompt/v1/email/evaluate[39m
2025-12-19 12:25:36 [[32minfo[39m]: 	[32m[PromptService] Request: POST /prompt/v1/email/evaluate[39m
2025-12-19 12:25:39 [[32minfo[39m]: 	[32m[PromptService] Request: POST /prompt/v1/email/evaluate[39m
2025-12-19 12:25:40 [[32minfo[39m]: 	[32m[PromptService] Request: POST /prompt/v1/email/evaluate[39m
2025-12-19 12:25:41 [[32minfo[39m]: 	[32m[PromptService] Request: POST /prompt/v1/email/evaluate[39m
2025-12-19 12:25:42 [[32minfo[39m]: 	[32m[PromptService] Request: POST /prompt/v1/email/evaluate[39m
2025-12-19 12:25:44 [[32minfo[39m]: 	[32m[PromptService] Request: POST /prompt/v1/email/evaluate[39m
2025-12-19 12:25:45 [[32minfo[39m]: 	[32m[PromptService] Request: POST /prompt/v1/email/evaluate[39m
2025-12-19 12:25:47 [[32minfo[39m]: 	[32m[PromptService] Request: POST /prompt/v1/email/evaluate[39m
2025-12-19 12:25:48 [[32minfo[39m]: 	[32m[PromptService] Request: POST /prompt/v1/email/evaluate[39m
2025-12-19 12:25:50 [[32minfo[39m]: 	[32m[PromptService] Request: POST /prompt/v1/email/evaluate[39m
2025-12-19 12:26:41 [[32minfo[39m]: 	[32m[MemoryService] Request: GET /events?type=action_execution&limit=50&metadata%5Bstatus%5D=pending_approval[39m
2025-12-19 12:26:42 [[32minfo[39m]: 	[32m[MemoryService] Request: GET /events?type=action_execution&limit=50&metadata%5Bstatus%5D=pending_approval[39m
2025-12-19 12:27:11 [[32minfo[39m]: 	[32m[MemoryService] Request: GET /events?type=action_execution&limit=50&metadata%5Bstatus%5D=pending_approval[39m
2025-12-19 12:27:41 [[32minfo[39m]: 	[32m[MemoryService] Request: GET /events?type=action_execution&limit=50&metadata%5Bstatus%5D=pending_approval[39m
2025-12-19 12:28:11 [[32minfo[39m]: 	[32m[MemoryService] Request: GET /events?type=action_execution&limit=50&metadata%5Bstatus%5D=pending_approval[39m
2025-12-19 12:28:42 [[32minfo[39m]: 	[32m[MemoryService] Request: GET /events?type=action_execution&limit=50&metadata%5Bstatus%5D=pending_approval[39m
2025-12-19 12:29:11 [[32minfo[39m]: 	[32m[MemoryService] Request: GET /events?type=action_execution&limit=50&metadata%5Bstatus%5D=pending_approval[39m
2025-12-19 12:29:41 [[32minfo[39m]: 	[32m[MemoryService] Request: GET /events?type=action_execution&limit=50&metadata%5Bstatus%5D=pending_approval[39m
2025-12-19 12:30:11 [[32minfo[39m]: 	[32m[MemoryService] Request: GET /events?type=action_execution&limit=50&metadata%5Bstatus%5D=pending_approval[39m
2025-12-19 12:30:41 [[32minfo[39m]: 	[32m[MemoryService] Request: GET /events?type=action_execution&limit=50&metadata%5Bstatus%5D=pending_approval[39m
2025-12-19 12:31:11 [[32minfo[39m]: 	[32m[MemoryService] Request: GET /events?type=action_execution&limit=50&metadata%5Bstatus%5D=pending_approval[39m
2025-12-19 12:31:41 [[32minfo[39m]: 	[32m[MemoryService] Request: GET /events?type=action_execution&limit=50&metadata%5Bstatus%5D=pending_approval[39m
2025-12-19 12:32:11 [[32minfo[39m]: 	[32m[MemoryService] Request: GET /events?type=action_execution&limit=50&metadata%5Bstatus%5D=pending_approval[39m
2025-12-19 12:32:42 [[32minfo[39m]: 	[32m[MemoryService] Request: GET /events?type=action_execution&limit=50&metadata%5Bstatus%5D=pending_approval[39m
2025-12-19 12:33:11 [[32minfo[39m]: 	[32m[MemoryService] Request: GET /events?type=action_execution&limit=50&metadata%5Bstatus%5D=pending_approval[39m
2025-12-19 12:33:41 [[32minfo[39m]: 	[32m[MemoryService] Request: GET /events?type=action_execution&limit=50&metadata%5Bstatus%5D=pending_approval[39m
2025-12-19 12:34:11 [[32minfo[39m]: 	[32m[MemoryService] Request: GET /events?type=action_execution&limit=50&metadata%5Bstatus%5D=pending_approval[39m
2025-12-19 12:34:41 [[32minfo[39m]: 	[32m[MemoryService] Request: GET /events?type=action_execution&limit=50&metadata%5Bstatus%5D=pending_approval[39m
2025-12-19 12:35:11 [[32minfo[39m]: 	[32m[MemoryService] Request: GET /events?type=action_execution&limit=50&metadata%5Bstatus%5D=pending_approval[39m
2025-12-19 12:35:41 [[32minfo[39m]: 	[32m[MemoryService] Request: GET /events?type=action_execution&limit=50&metadata%5Bstatus%5D=pending_approval[39m
2025-12-19 12:36:12 [[32minfo[39m]: 	[32m[MemoryService] Request: GET /events?type=action_execution&limit=50&metadata%5Bstatus%5D=pending_approval[39m
2025-12-19 12:36:41 [[32minfo[39m]: 	[32m[MemoryService] Request: GET /events?type=action_execution&limit=50&metadata%5Bstatus%5D=pending_approval[39m
2025-12-19 12:37:11 [[32minfo[39m]: 	[32m[MemoryService] Request: GET /events?type=action_execution&limit=50&metadata%5Bstatus%5D=pending_approval[39m
2025-12-19 12:37:41 [[32minfo[39m]: 	[32m[MemoryService] Request: GET /events?type=action_execution&limit=50&metadata%5Bstatus%5D=pending_approval[39m
2025-12-19 12:38:11 [[32minfo[39m]: 	[32m[MemoryService] Request: GET /events?type=action_execution&limit=50&metadata%5Bstatus%5D=pending_approval[39m
2025-12-19 12:38:41 [[32minfo[39m]: 	[32m[MemoryService] Request: GET /events?type=action_execution&limit=50&metadata%5Bstatus%5D=pending_approval[39m
2025-12-19 12:39:11 [[32minfo[39m]: 	[32m[MemoryService] Request: GET /events?type=action_execution&limit=50&metadata%5Bstatus%5D=pending_approval[39m
2025-12-19 12:39:41 [[32minfo[39m]: 	[32m[MemoryService] Request: GET /events?type=action_execution&limit=50&metadata%5Bstatus%5D=pending_approval[39m
2025-12-19 12:40:11 [[32minfo[39m]: 	[32m[MemoryService] Request: GET /events?type=action_execution&limit=50&metadata%5Bstatus%5D=pending_approval[39m
2025-12-19 12:40:41 [[32minfo[39m]: 	[32m[MemoryService] Request: GET /events?type=action_execution&limit=50&metadata%5Bstatus%5D=pending_approval[39m
2025-12-19 12:41:11 [[32minfo[39m]: 	[32m[MemoryService] Request: GET /events?type=action_execution&limit=50&metadata%5Bstatus%5D=pending_approval[39m
2025-12-19 12:41:41 [[32minfo[39m]: 	[32m[MemoryService] Request: GET /events?type=action_execution&limit=50&metadata%5Bstatus%5D=pending_approval[39m
2025-12-19 12:42:11 [[32minfo[39m]: 	[32m[MemoryService] Request: GET /events?type=action_execution&limit=50&metadata%5Bstatus%5D=pending_approval[39m
2025-12-19 12:42:41 [[32minfo[39m]: 	[32m[MemoryService] Request: GET /events?type=action_execution&limit=50&metadata%5Bstatus%5D=pending_approval[39m
2025-12-19 12:43:11 [[32minfo[39m]: 	[32m[MemoryService] Request: GET /events?type=action_execution&limit=50&metadata%5Bstatus%5D=pending_approval[39m
2025-12-19 12:43:41 [[32minfo[39m]: 	[32m[MemoryService] Request: GET /events?type=action_execution&limit=50&metadata%5Bstatus%5D=pending_approval[39m
2025-12-19 12:44:11 [[32minfo[39m]: 	[32m[MemoryService] Request: GET /events?type=action_execution&limit=50&metadata%5Bstatus%5D=pending_approval[39m
2025-12-19 12:44:41 [[32minfo[39m]: 	[32m[MemoryService] Request: GET /events?type=action_execution&limit=50&metadata%5Bstatus%5D=pending_approval[39m
2025-12-19 12:45:11 [[32minfo[39m]: 	[32m[MemoryService] Request: GET /events?type=action_execution&limit=50&metadata%5Bstatus%5D=pending_approval[39m
2025-12-19 12:45:41 [[32minfo[39m]: 	[32m[MemoryService] Request: GET /events?type=action_execution&limit=50&metadata%5Bstatus%5D=pending_approval[39m
2025-12-19 12:46:11 [[32minfo[39m]: 	[32m[MemoryService] Request: GET /events?type=action_execution&limit=50&metadata%5Bstatus%5D=pending_approval[39m
2025-12-19 12:46:41 [[32minfo[39m]: 	[32m[MemoryService] Request: GET /events?type=action_execution&limit=50&metadata%5Bstatus%5D=pending_approval[39m
2025-12-19 12:55:58 [[32minfo[39m]: 	[32m[PromptService] Request: POST /prompt/v1/email/evaluate-batch[39m
2025-12-19 12:56:11 [[32minfo[39m]: 	[32m[MemoryService] Request: GET /events?type=action_execution&limit=50&metadata%5Bstatus%5D=pending_approval[39m
2025-12-19 12:56:42 [[32minfo[39m]: 	[32m[MemoryService] Request: GET /events?type=action_execution&limit=50&metadata%5Bstatus%5D=pending_approval[39m
2025-12-19 12:57:12 [[32minfo[39m]: 	[32m[MemoryService] Request: GET /events?type=action_execution&limit=50&metadata%5Bstatus%5D=pending_approval[39m
2025-12-19 12:57:42 [[32minfo[39m]: 	[32m[MemoryService] Request: GET /events?type=action_execution&limit=50&metadata%5Bstatus%5D=pending_approval[39m
2025-12-19 12:58:11 [[32minfo[39m]: 	[32m[MemoryService] Request: GET /events?type=action_execution&limit=50&metadata%5Bstatus%5D=pending_approval[39m
2025-12-19 12:58:41 [[32minfo[39m]: 	[32m[MemoryService] Request: GET /events?type=action_execution&limit=50&metadata%5Bstatus%5D=pending_approval[39m
2025-12-19 12:59:11 [[32minfo[39m]: 	[32m[MemoryService] Request: GET /events?type=action_execution&limit=50&metadata%5Bstatus%5D=pending_approval[39m
2025-12-19 12:59:41 [[32minfo[39m]: 	[32m[MemoryService] Request: GET /events?type=action_execution&limit=50&metadata%5Bstatus%5D=pending_approval[39m
2025-12-19 13:00:11 [[32minfo[39m]: 	[32m[MemoryService] Request: GET /events?type=action_execution&limit=50&metadata%5Bstatus%5D=pending_approval[39m
2025-12-19 13:00:41 [[32minfo[39m]: 	[32m[MemoryService] Request: GET /events?type=action_execution&limit=50&metadata%5Bstatus%5D=pending_approval[39m
2025-12-19 13:01:12 [[32minfo[39m]: 	[32m[MemoryService] Request: GET /events?type=action_execution&limit=50&metadata%5Bstatus%5D=pending_approval[39m
2025-12-19 13:01:41 [[32minfo[39m]: 	[32m[MemoryService] Request: GET /events?type=action_execution&limit=50&metadata%5Bstatus%5D=pending_approval[39m
2025-12-19 13:02:30 [[32minfo[39m]: 	[32m[PromptService] Request: POST /prompt/v1/email/evaluate-batch[39m
2025-12-19 13:02:35 [[33mwarn[39m]: 	[33m[PromptService] Retry 1/3 for /prompt/v1/email/evaluate-batch[39m
2025-12-19 13:02:37 [[32minfo[39m]: 	[32m[PromptService] Request: POST /prompt/v1/email/evaluate-batch[39m
2025-12-19 13:02:42 [[33mwarn[39m]: 	[33m[PromptService] Retry 2/3 for /prompt/v1/email/evaluate-batch[39m
2025-12-19 13:02:46 [[32minfo[39m]: 	[32m[PromptService] Request: POST /prompt/v1/email/evaluate-batch[39m
2025-12-19 13:02:47 [[32minfo[39m]: 	[32m[MemoryService] Request: GET /events?type=action_execution&limit=50&metadata%5Bstatus%5D=pending_approval[39m
2025-12-19 13:02:51 [[33mwarn[39m]: 	[33m[PromptService] Retry 3/3 for /prompt/v1/email/evaluate-batch[39m
2025-12-19 13:02:59 [[32minfo[39m]: 	[32m[PromptService] Request: POST /prompt/v1/email/evaluate-batch[39m
2025-12-19 13:03:04 [[31merror[39m]: 	[31m[PromptService] Request failed:[39m
{
  "url": "/prompt/v1/email/evaluate-batch",
  "method": "POST"
}
2025-12-19 13:03:16 [[32minfo[39m]: 	[32m[MemoryService] Request: GET /events?type=action_execution&limit=50&metadata%5Bstatus%5D=pending_approval[39m
2025-12-19 13:03:47 [[32minfo[39m]: 	[32m[MemoryService] Request: GET /events?type=action_execution&limit=50&metadata%5Bstatus%5D=pending_approval[39m
2025-12-19 13:04:17 [[32minfo[39m]: 	[32m[MemoryService] Request: GET /events?type=action_execution&limit=50&metadata%5Bstatus%5D=pending_approval[39m
2025-12-19 13:04:46 [[32minfo[39m]: 	[32m[MemoryService] Request: GET /events?type=action_execution&limit=50&metadata%5Bstatus%5D=pending_approval[39m
2025-12-19 13:05:16 [[32minfo[39m]: 	[32m[MemoryService] Request: GET /events?type=action_execution&limit=50&metadata%5Bstatus%5D=pending_approval[39m
2025-12-19 13:05:41 [[32minfo[39m]: 	[32m[MemoryService] Request: GET /events?type=action_execution&limit=50&metadata%5Bstatus%5D=pending_approval[39m
2025-12-19 13:06:12 [[32minfo[39m]: 	[32m[MemoryService] Request: GET /events?type=action_execution&limit=50&metadata%5Bstatus%5D=pending_approval[39m
2025-12-19 13:06:42 [[32minfo[39m]: 	[32m[MemoryService] Request: GET /events?type=action_execution&limit=50&metadata%5Bstatus%5D=pending_approval[39m
2025-12-19 13:07:14 [[32minfo[39m]: 	[32m[MemoryService] Request: GET /events?type=action_execution&limit=50&metadata%5Bstatus%5D=pending_approval[39m
2025-12-19 13:07:47 [[32minfo[39m]: 	[32m[MemoryService] Request: GET /events?type=action_execution&limit=50&metadata%5Bstatus%5D=pending_approval[39m
2025-12-19 13:08:11 [[32minfo[39m]: 	[32m[MemoryService] Request: GET /events?type=action_execution&limit=50&metadata%5Bstatus%5D=pending_approval[39m
2025-12-19 13:08:43 [[32minfo[39m]: 	[32m[MemoryService] Request: GET /events?type=action_execution&limit=50&metadata%5Bstatus%5D=pending_approval[39m
2025-12-19 13:09:11 [[32minfo[39m]: 	[32m[MemoryService] Request: GET /events?type=action_execution&limit=50&metadata%5Bstatus%5D=pending_approval[39m
2025-12-19 13:09:45 [[32minfo[39m]: 	[32m[MemoryService] Request: GET /events?type=action_execution&limit=50&metadata%5Bstatus%5D=pending_approval[39m
2025-12-19 13:10:26 [[32minfo[39m]: 	[32m[MemoryService] Request: GET /events?type=action_execution&limit=50&metadata%5Bstatus%5D=pending_approval[39m
2025-12-19 13:10:46 [[32minfo[39m]: 	[32m[MemoryService] Request: GET /events?type=action_execution&limit=50&metadata%5Bstatus%5D=pending_approval[39m
2025-12-19 13:11:12 [[32minfo[39m]: 	[32m[MemoryService] Request: GET /events?type=action_execution&limit=50&metadata%5Bstatus%5D=pending_approval[39m
2025-12-19 13:11:45 [[32minfo[39m]: 	[32m[MemoryService] Request: GET /events?type=action_execution&limit=50&metadata%5Bstatus%5D=pending_approval[39m
2025-12-19 13:12:12 [[32minfo[39m]: 	[32m[MemoryService] Request: GET /events?type=action_execution&limit=50&metadata%5Bstatus%5D=pending_approval[39m
2025-12-19 13:12:41 [[32minfo[39m]: 	[32m[MemoryService] Request: GET /events?type=action_execution&limit=50&metadata%5Bstatus%5D=pending_approval[39m
2025-12-19 13:13:11 [[32minfo[39m]: 	[32m[MemoryService] Request: GET /events?type=action_execution&limit=50&metadata%5Bstatus%5D=pending_approval[39m
2025-12-19 13:14:11 [[32minfo[39m]: 	[32m[MemoryService] Request: GET /events?type=action_execution&limit=50&metadata%5Bstatus%5D=pending_approval[39m
2025-12-19 13:14:19 [[32minfo[39m]: 	[32m[MemoryService] Request: GET /events?type=action_execution&limit=50&metadata%5Bstatus%5D=pending_approval[39m
2025-12-19 13:14:42 [[32minfo[39m]: 	[32m[MemoryService] Request: GET /events?type=action_execution&limit=50&metadata%5Bstatus%5D=pending_approval[39m
2025-12-19 13:15:12 [[32minfo[39m]: 	[32m[MemoryService] Request: GET /events?type=action_execution&limit=50&metadata%5Bstatus%5D=pending_approval[39m
2025-12-19 13:15:42 [[32minfo[39m]: 	[32m[MemoryService] Request: GET /events?type=action_execution&limit=50&metadata%5Bstatus%5D=pending_approval[39m
2025-12-19 13:16:16 [[32minfo[39m]: 	[32m[MemoryService] Request: GET /events?type=action_execution&limit=50&metadata%5Bstatus%5D=pending_approval[39m
2025-12-19 13:16:42 [[32minfo[39m]: 	[32m[MemoryService] Request: GET /events?type=action_execution&limit=50&metadata%5Bstatus%5D=pending_approval[39m
2025-12-19 13:17:12 [[32minfo[39m]: 	[32m[MemoryService] Request: GET /events?type=action_execution&limit=50&metadata%5Bstatus%5D=pending_approval[39m
2025-12-19 13:17:42 [[32minfo[39m]: 	[32m[MemoryService] Request: GET /events?type=action_execution&limit=50&metadata%5Bstatus%5D=pending_approval[39m
2025-12-19 13:18:11 [[32minfo[39m]: 	[32m[MemoryService] Request: GET /events?type=action_execution&limit=50&metadata%5Bstatus%5D=pending_approval[39m
2025-12-19 13:18:41 [[32minfo[39m]: 	[32m[MemoryService] Request: GET /events?type=action_execution&limit=50&metadata%5Bstatus%5D=pending_approval[39m
2025-12-19 13:19:12 [[32minfo[39m]: 	[32m[MemoryService] Request: GET /events?type=action_execution&limit=50&metadata%5Bstatus%5D=pending_approval[39m
2025-12-19 13:19:41 [[32minfo[39m]: 	[32m[MemoryService] Request: GET /events?type=action_execution&limit=50&metadata%5Bstatus%5D=pending_approval[39m
2025-12-19 13:20:12 [[32minfo[39m]: 	[32m[MemoryService] Request: GET /events?type=action_execution&limit=50&metadata%5Bstatus%5D=pending_approval[39m
2025-12-19 13:20:41 [[32minfo[39m]: 	[32m[MemoryService] Request: GET /events?type=action_execution&limit=50&metadata%5Bstatus%5D=pending_approval[39m
2025-12-19 13:21:11 [[32minfo[39m]: 	[32m[MemoryService] Request: GET /events?type=action_execution&limit=50&metadata%5Bstatus%5D=pending_approval[39m
2025-12-19 13:21:41 [[32minfo[39m]: 	[32m[MemoryService] Request: GET /events?type=action_execution&limit=50&metadata%5Bstatus%5D=pending_approval[39m
2025-12-19 13:22:12 [[32minfo[39m]: 	[32m[MemoryService] Request: GET /events?type=action_execution&limit=50&metadata%5Bstatus%5D=pending_approval[39m
2025-12-19 13:22:41 [[32minfo[39m]: 	[32m[MemoryService] Request: GET /events?type=action_execution&limit=50&metadata%5Bstatus%5D=pending_approval[39m
2025-12-19 13:23:11 [[32minfo[39m]: 	[32m[MemoryService] Request: GET /events?type=action_execution&limit=50&metadata%5Bstatus%5D=pending_approval[39m
2025-12-19 13:23:41 [[32minfo[39m]: 	[32m[MemoryService] Request: GET /events?type=action_execution&limit=50&metadata%5Bstatus%5D=pending_approval[39m
2025-12-19 13:24:11 [[32minfo[39m]: 	[32m[MemoryService] Request: GET /events?type=action_execution&limit=50&metadata%5Bstatus%5D=pending_approval[39m
2025-12-19 13:24:41 [[32minfo[39m]: 	[32m[MemoryService] Request: GET /events?type=action_execution&limit=50&metadata%5Bstatus%5D=pending_approval[39m
2025-12-19 13:25:11 [[32minfo[39m]: 	[32m[MemoryService] Request: GET /events?type=action_execution&limit=50&metadata%5Bstatus%5D=pending_approval[39m
2025-12-19 13:25:41 [[32minfo[39m]: 	[32m[MemoryService] Request: GET /events?type=action_execution&limit=50&metadata%5Bstatus%5D=pending_approval[39m
2025-12-19 13:26:11 [[32minfo[39m]: 	[32m[MemoryService] Request: GET /events?type=action_execution&limit=50&metadata%5Bstatus%5D=pending_approval[39m
2025-12-19 13:26:41 [[32minfo[39m]: 	[32m[MemoryService] Request: GET /events?type=action_execution&limit=50&metadata%5Bstatus%5D=pending_approval[39m
2025-12-19 13:27:11 [[32minfo[39m]: 	[32m[MemoryService] Request: GET /events?type=action_execution&limit=50&metadata%5Bstatus%5D=pending_approval[39m
2025-12-19 13:27:41 [[32minfo[39m]: 	[32m[MemoryService] Request: GET /events?type=action_execution&limit=50&metadata%5Bstatus%5D=pending_approval[39m
2025-12-19 13:28:11 [[32minfo[39m]: 	[32m[MemoryService] Request: GET /events?type=action_execution&limit=50&metadata%5Bstatus%5D=pending_approval[39m
2025-12-19 13:28:41 [[32minfo[39m]: 	[32m[MemoryService] Request: GET /events?type=action_execution&limit=50&metadata%5Bstatus%5D=pending_approval[39m
2025-12-19 13:29:11 [[32minfo[39m]: 	[32m[MemoryService] Request: GET /events?type=action_execution&limit=50&metadata%5Bstatus%5D=pending_approval[39m
2025-12-19 13:29:41 [[32minfo[39m]: 	[32m[MemoryService] Request: GET /events?type=action_execution&limit=50&metadata%5Bstatus%5D=pending_approval[39m
2025-12-19 13:30:11 [[32minfo[39m]: 	[32m[MemoryService] Request: GET /events?type=action_execution&limit=50&metadata%5Bstatus%5D=pending_approval[39m
2025-12-19 13:30:41 [[32minfo[39m]: 	[32m[MemoryService] Request: GET /events?type=action_execution&limit=50&metadata%5Bstatus%5D=pending_approval[39m
2025-12-19 13:31:11 [[32minfo[39m]: 	[32m[MemoryService] Request: GET /events?type=action_execution&limit=50&metadata%5Bstatus%5D=pending_approval[39m
2025-12-19 13:31:42 [[32minfo[39m]: 	[32m[MemoryService] Request: GET /events?type=action_execution&limit=50&metadata%5Bstatus%5D=pending_approval[39m
2025-12-19 13:32:11 [[32minfo[39m]: 	[32m[MemoryService] Request: GET /events?type=action_execution&limit=50&metadata%5Bstatus%5D=pending_approval[39m
2025-12-19 13:32:42 [[32minfo[39m]: 	[32m[MemoryService] Request: GET /events?type=action_execution&limit=50&metadata%5Bstatus%5D=pending_approval[39m
2025-12-19 13:33:17 [[32minfo[39m]: 	[32m[MemoryService] Request: GET /events?type=action_execution&limit=50&metadata%5Bstatus%5D=pending_approval[39m
